[0.095s] colcon DEBUG Command line arguments: ['/usr/bin/colcon', 'build', '--packages-select', 'apple_care_robot']
[0.095s] colcon DEBUG Parsed command line arguments: Namespace(log_base=None, log_level=None, verb_name='build', build_base='build', install_base='install', merge_install=False, symlink_install=False, test_result_base=None, continue_on_error=False, executor='parallel', parallel_workers=16, event_handlers=None, ignore_user_meta=False, metas=['./colcon.meta'], base_paths=['.'], packages_ignore=None, packages_ignore_regex=None, paths=None, packages_up_to=None, packages_up_to_regex=None, packages_above=None, packages_above_and_dependencies=None, packages_above_depth=None, packages_select_by_dep=None, packages_skip_by_dep=None, packages_skip_up_to=None, packages_select_build_failed=False, packages_skip_build_finished=False, packages_select_test_failures=False, packages_skip_test_passed=False, packages_select=['apple_care_robot'], packages_skip=None, packages_select_regex=None, packages_skip_regex=None, packages_start=None, packages_end=None, allow_overriding=[], cmake_args=None, cmake_target=None, cmake_target_skip_unavailable=False, cmake_clean_cache=False, cmake_clean_first=False, cmake_force_configure=False, ament_cmake_args=None, catkin_cmake_args=None, catkin_skip_building_tests=False, verb_parser=<colcon_defaults.argument_parser.defaults.DefaultArgumentsDecorator object at 0x73658a85afe0>, verb_extension=<colcon_core.verb.build.BuildVerb object at 0x73658a85aa10>, main=<bound method BuildVerb.main of <colcon_core.verb.build.BuildVerb object at 0x73658a85aa10>>)
[0.218s] colcon.colcon_core.package_discovery Level 1 discover_packages(colcon_meta) check parameters
[0.218s] colcon.colcon_core.package_discovery Level 1 discover_packages(recursive) check parameters
[0.218s] colcon.colcon_core.package_discovery Level 1 discover_packages(ignore) check parameters
[0.218s] colcon.colcon_core.package_discovery Level 1 discover_packages(path) check parameters
[0.219s] colcon.colcon_core.package_discovery Level 1 discover_packages(colcon_meta) discover
[0.219s] colcon.colcon_core.package_discovery Level 1 discover_packages(recursive) discover
[0.219s] colcon.colcon_core.package_discovery INFO Crawling recursively for packages in '/home/rokey/apple-care/code/robot_ws'
[0.219s] colcon.colcon_core.package_identification Level 1 _identify(.) by extensions ['ignore', 'ignore_ament_install']
[0.219s] colcon.colcon_core.package_identification Level 1 _identify(.) by extension 'ignore'
[0.219s] colcon.colcon_core.package_identification Level 1 _identify(.) by extension 'ignore_ament_install'
[0.219s] colcon.colcon_core.package_identification Level 1 _identify(.) by extensions ['colcon_pkg']
[0.219s] colcon.colcon_core.package_identification Level 1 _identify(.) by extension 'colcon_pkg'
[0.219s] colcon.colcon_core.package_identification Level 1 _identify(.) by extensions ['colcon_meta']
[0.219s] colcon.colcon_core.package_identification Level 1 _identify(.) by extension 'colcon_meta'
[0.219s] colcon.colcon_core.package_identification Level 1 _identify(.) by extensions ['ros']
[0.219s] colcon.colcon_core.package_identification Level 1 _identify(.) by extension 'ros'
[0.239s] colcon.colcon_core.package_identification Level 1 _identify(.) by extensions ['cmake', 'python']
[0.240s] colcon.colcon_core.package_identification Level 1 _identify(.) by extension 'cmake'
[0.240s] colcon.colcon_core.package_identification Level 1 _identify(.) by extension 'python'
[0.240s] colcon.colcon_core.package_identification Level 1 _identify(.) by extensions ['python_setup_py']
[0.240s] colcon.colcon_core.package_identification Level 1 _identify(.) by extension 'python_setup_py'
[0.240s] colcon.colcon_core.package_identification Level 1 _identify(build) by extensions ['ignore', 'ignore_ament_install']
[0.240s] colcon.colcon_core.package_identification Level 1 _identify(build) by extension 'ignore'
[0.240s] colcon.colcon_core.package_identification Level 1 _identify(build) ignored
[0.240s] colcon.colcon_core.package_identification Level 1 _identify(install) by extensions ['ignore', 'ignore_ament_install']
[0.240s] colcon.colcon_core.package_identification Level 1 _identify(install) by extension 'ignore'
[0.240s] colcon.colcon_core.package_identification Level 1 _identify(install) ignored
[0.240s] colcon.colcon_core.package_identification Level 1 _identify(log) by extensions ['ignore', 'ignore_ament_install']
[0.240s] colcon.colcon_core.package_identification Level 1 _identify(log) by extension 'ignore'
[0.240s] colcon.colcon_core.package_identification Level 1 _identify(log) ignored
[0.240s] colcon.colcon_core.package_identification Level 1 _identify(src) by extensions ['ignore', 'ignore_ament_install']
[0.240s] colcon.colcon_core.package_identification Level 1 _identify(src) by extension 'ignore'
[0.240s] colcon.colcon_core.package_identification Level 1 _identify(src) by extension 'ignore_ament_install'
[0.240s] colcon.colcon_core.package_identification Level 1 _identify(src) by extensions ['colcon_pkg']
[0.240s] colcon.colcon_core.package_identification Level 1 _identify(src) by extension 'colcon_pkg'
[0.240s] colcon.colcon_core.package_identification Level 1 _identify(src) by extensions ['colcon_meta']
[0.240s] colcon.colcon_core.package_identification Level 1 _identify(src) by extension 'colcon_meta'
[0.240s] colcon.colcon_core.package_identification Level 1 _identify(src) by extensions ['ros']
[0.240s] colcon.colcon_core.package_identification Level 1 _identify(src) by extension 'ros'
[0.240s] colcon.colcon_core.package_identification Level 1 _identify(src) by extensions ['cmake', 'python']
[0.240s] colcon.colcon_core.package_identification Level 1 _identify(src) by extension 'cmake'
[0.240s] colcon.colcon_core.package_identification Level 1 _identify(src) by extension 'python'
[0.240s] colcon.colcon_core.package_identification Level 1 _identify(src) by extensions ['python_setup_py']
[0.240s] colcon.colcon_core.package_identification Level 1 _identify(src) by extension 'python_setup_py'
[0.240s] colcon.colcon_core.package_identification Level 1 _identify(src/apple_care_robot) by extensions ['ignore', 'ignore_ament_install']
[0.241s] colcon.colcon_core.package_identification Level 1 _identify(src/apple_care_robot) by extension 'ignore'
[0.241s] colcon.colcon_core.package_identification Level 1 _identify(src/apple_care_robot) by extension 'ignore_ament_install'
[0.241s] colcon.colcon_core.package_identification Level 1 _identify(src/apple_care_robot) by extensions ['colcon_pkg']
[0.241s] colcon.colcon_core.package_identification Level 1 _identify(src/apple_care_robot) by extension 'colcon_pkg'
[0.241s] colcon.colcon_core.package_identification Level 1 _identify(src/apple_care_robot) by extensions ['colcon_meta']
[0.241s] colcon.colcon_core.package_identification Level 1 _identify(src/apple_care_robot) by extension 'colcon_meta'
[0.241s] colcon.colcon_core.package_identification Level 1 _identify(src/apple_care_robot) by extensions ['ros']
[0.241s] colcon.colcon_core.package_identification Level 1 _identify(src/apple_care_robot) by extension 'ros'
[0.241s] colcon.colcon_core.package_identification DEBUG Failed to parse potential ROS package manifest in'src/apple_care_robot': Error(s) in package 'src/apple_care_robot/package.xml':
The manifest contains invalid XML:
not well-formed (invalid token): line 5, column 44
[0.241s] colcon.colcon_core.package_identification Level 1 _identify(src/apple_care_robot) by extensions ['cmake', 'python']
[0.241s] colcon.colcon_core.package_identification Level 1 _identify(src/apple_care_robot) by extension 'cmake'
[0.241s] colcon.colcon_core.package_identification Level 1 _identify(src/apple_care_robot) by extension 'python'
[0.241s] colcon.colcon_core.package_identification Level 1 _identify(src/apple_care_robot) by extensions ['python_setup_py']
[0.241s] colcon.colcon_core.package_identification Level 1 _identify(src/apple_care_robot) by extension 'python_setup_py'
[0.441s] colcon.colcon_core.package_identification DEBUG Package 'src/apple_care_robot' with type 'python' and name 'apple_care_robot'
[0.441s] colcon.colcon_core.package_discovery Level 1 discover_packages(recursive) using defaults
[0.441s] colcon.colcon_core.package_discovery Level 1 discover_packages(ignore) discover
[0.441s] colcon.colcon_core.package_discovery Level 1 discover_packages(ignore) using defaults
[0.441s] colcon.colcon_core.package_discovery Level 1 discover_packages(path) discover
[0.441s] colcon.colcon_core.package_discovery Level 1 discover_packages(path) using defaults
[0.451s] colcon.colcon_core.package_discovery Level 1 discover_packages(prefix_path) check parameters
[0.451s] colcon.colcon_core.package_discovery Level 1 discover_packages(prefix_path) discover
[0.453s] colcon.colcon_installed_package_information.package_discovery DEBUG Found 29 installed packages in /home/rokey/cobot_ws/install
[0.454s] colcon.colcon_installed_package_information.package_discovery DEBUG Found 338 installed packages in /opt/ros/humble
[0.455s] colcon.colcon_core.package_discovery Level 1 discover_packages(prefix_path) using defaults
[0.482s] colcon.colcon_core.verb Level 5 set package 'apple_care_robot' build argument 'cmake_args' from command line to 'None'
[0.482s] colcon.colcon_core.verb Level 5 set package 'apple_care_robot' build argument 'cmake_target' from command line to 'None'
[0.482s] colcon.colcon_core.verb Level 5 set package 'apple_care_robot' build argument 'cmake_target_skip_unavailable' from command line to 'False'
[0.482s] colcon.colcon_core.verb Level 5 set package 'apple_care_robot' build argument 'cmake_clean_cache' from command line to 'False'
[0.482s] colcon.colcon_core.verb Level 5 set package 'apple_care_robot' build argument 'cmake_clean_first' from command line to 'False'
[0.482s] colcon.colcon_core.verb Level 5 set package 'apple_care_robot' build argument 'cmake_force_configure' from command line to 'False'
[0.482s] colcon.colcon_core.verb Level 5 set package 'apple_care_robot' build argument 'ament_cmake_args' from command line to 'None'
[0.482s] colcon.colcon_core.verb Level 5 set package 'apple_care_robot' build argument 'catkin_cmake_args' from command line to 'None'
[0.482s] colcon.colcon_core.verb Level 5 set package 'apple_care_robot' build argument 'catkin_skip_building_tests' from command line to 'False'
[0.482s] colcon.colcon_core.verb DEBUG Building package 'apple_care_robot' with the following arguments: {'ament_cmake_args': None, 'build_base': '/home/rokey/apple-care/code/robot_ws/build/apple_care_robot', 'catkin_cmake_args': None, 'catkin_skip_building_tests': False, 'cmake_args': None, 'cmake_clean_cache': False, 'cmake_clean_first': False, 'cmake_force_configure': False, 'cmake_target': None, 'cmake_target_skip_unavailable': False, 'install_base': '/home/rokey/apple-care/code/robot_ws/install/apple_care_robot', 'merge_install': False, 'path': '/home/rokey/apple-care/code/robot_ws/src/apple_care_robot', 'symlink_install': False, 'test_result_base': None}
[0.482s] colcon.colcon_core.executor INFO Executing jobs using 'parallel' executor
[0.483s] colcon.colcon_parallel_executor.executor.parallel DEBUG run_until_complete
[0.483s] colcon.colcon_core.task.python.build INFO Building Python package in '/home/rokey/apple-care/code/robot_ws/src/apple_care_robot'
[0.484s] colcon.colcon_core.plugin_system INFO Skipping extension 'colcon_core.shell.bat': Not used on non-Windows systems
[0.485s] colcon.colcon_core.shell INFO Skip shell extension 'powershell' for command environment: Not usable outside of PowerShell
[0.485s] colcon.colcon_core.shell DEBUG Skip shell extension 'dsv' for command environment
[0.985s] colcon.colcon_core.task.python.build DEBUG Available setuptools commands: register, test, upload_docs, symlink_data, install_egg_info, install_lib, install_data, upload, dist_info, bdist, rotate, bdist_wheel, install_scripts, install_headers, compile_catalog, easy_install, check, bdist_rpm, sdist, bdist_dumb, build_ext, saveopts, build, clean, update_catalog, alias, setopt, develop, init_catalog, build_py, build_clib, bdist_egg, build_scripts, extract_messages, install, egg_info
[0.987s] colcon.colcon_core.event_handler.log_command DEBUG Invoking command in '/home/rokey/apple-care/code/robot_ws/src/apple_care_robot': PYTHONPATH=/home/rokey/apple-care/code/robot_ws/build/apple_care_robot/prefix_override:/usr/lib/python3/dist-packages/colcon_core/task/python/colcon_distutils_commands:/home/rokey/apple-care/code/robot_ws/install/apple_care_robot/lib/python3.10/site-packages:${PYTHONPATH} /usr/bin/python3 -W ignore:setup.py install is deprecated -W ignore:easy_install command is deprecated setup.py egg_info --egg-base ../../build/apple_care_robot build --build-base /home/rokey/apple-care/code/robot_ws/build/apple_care_robot/build install --record /home/rokey/apple-care/code/robot_ws/build/apple_care_robot/install.log --single-version-externally-managed install_data
[1.205s] colcon.colcon_core.event_handler.log_command DEBUG Invoked command in '/home/rokey/apple-care/code/robot_ws/src/apple_care_robot' returned '0': PYTHONPATH=/home/rokey/apple-care/code/robot_ws/build/apple_care_robot/prefix_override:/usr/lib/python3/dist-packages/colcon_core/task/python/colcon_distutils_commands:/home/rokey/apple-care/code/robot_ws/install/apple_care_robot/lib/python3.10/site-packages:${PYTHONPATH} /usr/bin/python3 -W ignore:setup.py install is deprecated -W ignore:easy_install command is deprecated setup.py egg_info --egg-base ../../build/apple_care_robot build --build-base /home/rokey/apple-care/code/robot_ws/build/apple_care_robot/build install --record /home/rokey/apple-care/code/robot_ws/build/apple_care_robot/install.log --single-version-externally-managed install_data
[1.206s] colcon.colcon_core.environment Level 1 checking '/home/rokey/apple-care/code/robot_ws/install/apple_care_robot' for CMake module files
[1.206s] colcon.colcon_core.environment Level 1 checking '/home/rokey/apple-care/code/robot_ws/install/apple_care_robot' for CMake config files
[1.207s] colcon.colcon_core.environment Level 1 checking '/home/rokey/apple-care/code/robot_ws/install/apple_care_robot/lib'
[1.207s] colcon.colcon_core.environment Level 1 checking '/home/rokey/apple-care/code/robot_ws/install/apple_care_robot/bin'
[1.207s] colcon.colcon_core.shell Level 1 create_environment_hook('apple_care_robot', 'path')
[1.207s] colcon.colcon_core.shell INFO Creating environment hook '/home/rokey/apple-care/code/robot_ws/install/apple_care_robot/share/apple_care_robot/hook/path.ps1'
[1.208s] colcon.colcon_core.shell INFO Creating environment descriptor '/home/rokey/apple-care/code/robot_ws/install/apple_care_robot/share/apple_care_robot/hook/path.dsv'
[1.208s] colcon.colcon_core.shell INFO Creating environment hook '/home/rokey/apple-care/code/robot_ws/install/apple_care_robot/share/apple_care_robot/hook/path.sh'
[1.208s] colcon.colcon_core.environment Level 1 checking '/home/rokey/apple-care/code/robot_ws/install/apple_care_robot/lib/pkgconfig/apple_care_robot.pc'
[1.208s] colcon.colcon_core.environment Level 1 checking '/home/rokey/apple-care/code/robot_ws/install/apple_care_robot/lib/python3.10/site-packages'
[1.208s] colcon.colcon_core.shell Level 1 create_environment_hook('apple_care_robot', 'pythonpath')
[1.209s] colcon.colcon_core.shell INFO Creating environment hook '/home/rokey/apple-care/code/robot_ws/install/apple_care_robot/share/apple_care_robot/hook/pythonpath.ps1'
[1.209s] colcon.colcon_core.shell INFO Creating environment descriptor '/home/rokey/apple-care/code/robot_ws/install/apple_care_robot/share/apple_care_robot/hook/pythonpath.dsv'
[1.209s] colcon.colcon_core.shell INFO Creating environment hook '/home/rokey/apple-care/code/robot_ws/install/apple_care_robot/share/apple_care_robot/hook/pythonpath.sh'
[1.210s] colcon.colcon_core.environment Level 1 checking '/home/rokey/apple-care/code/robot_ws/install/apple_care_robot/bin'
[1.210s] colcon.colcon_core.shell Level 1 create_environment_hook('apple_care_robot', 'pythonscriptspath')
[1.210s] colcon.colcon_core.shell INFO Creating environment hook '/home/rokey/apple-care/code/robot_ws/install/apple_care_robot/share/apple_care_robot/hook/pythonscriptspath.ps1'
[1.210s] colcon.colcon_core.shell INFO Creating environment descriptor '/home/rokey/apple-care/code/robot_ws/install/apple_care_robot/share/apple_care_robot/hook/pythonscriptspath.dsv'
[1.211s] colcon.colcon_core.shell INFO Creating environment hook '/home/rokey/apple-care/code/robot_ws/install/apple_care_robot/share/apple_care_robot/hook/pythonscriptspath.sh'
[1.211s] colcon.colcon_core.environment Level 1 create_environment_scripts_only(apple_care_robot)
[1.212s] colcon.colcon_core.shell INFO Creating package script '/home/rokey/apple-care/code/robot_ws/install/apple_care_robot/share/apple_care_robot/package.ps1'
[1.213s] colcon.colcon_core.shell INFO Creating package descriptor '/home/rokey/apple-care/code/robot_ws/install/apple_care_robot/share/apple_care_robot/package.dsv'
[1.213s] colcon.colcon_core.shell INFO Creating package script '/home/rokey/apple-care/code/robot_ws/install/apple_care_robot/share/apple_care_robot/package.sh'
[1.214s] colcon.colcon_core.shell INFO Creating package script '/home/rokey/apple-care/code/robot_ws/install/apple_care_robot/share/apple_care_robot/package.bash'
[1.214s] colcon.colcon_core.shell INFO Creating package script '/home/rokey/apple-care/code/robot_ws/install/apple_care_robot/share/apple_care_robot/package.zsh'
[1.214s] colcon.colcon_core.environment Level 1 create_file_with_runtime_dependencies(/home/rokey/apple-care/code/robot_ws/install/apple_care_robot/share/colcon-core/packages/apple_care_robot)
[1.215s] colcon.colcon_parallel_executor.executor.parallel DEBUG closing loop
[1.215s] colcon.colcon_parallel_executor.executor.parallel DEBUG loop closed
[1.215s] colcon.colcon_parallel_executor.executor.parallel DEBUG run_until_complete finished with '0'
[1.215s] colcon.colcon_core.event_reactor DEBUG joining thread
[1.219s] colcon.colcon_core.plugin_system INFO Skipping extension 'colcon_notification.desktop_notification.terminal_notifier': Not used on non-Darwin systems
[1.219s] colcon.colcon_core.plugin_system INFO Skipping extension 'colcon_notification.desktop_notification.win32': Not used on non-Windows systems
[1.219s] colcon.colcon_notification.desktop_notification INFO Sending desktop notification using 'notify2'
[1.228s] colcon.colcon_core.event_reactor DEBUG joined thread
[1.228s] colcon.colcon_core.shell INFO Creating prefix script '/home/rokey/apple-care/code/robot_ws/install/local_setup.ps1'
[1.230s] colcon.colcon_core.shell INFO Creating prefix util module '/home/rokey/apple-care/code/robot_ws/install/_local_setup_util_ps1.py'
[1.232s] colcon.colcon_core.shell INFO Creating prefix chain script '/home/rokey/apple-care/code/robot_ws/install/setup.ps1'
[1.234s] colcon.colcon_core.shell INFO Creating prefix script '/home/rokey/apple-care/code/robot_ws/install/local_setup.sh'
[1.234s] colcon.colcon_core.shell INFO Creating prefix util module '/home/rokey/apple-care/code/robot_ws/install/_local_setup_util_sh.py'
[1.235s] colcon.colcon_core.shell INFO Creating prefix chain script '/home/rokey/apple-care/code/robot_ws/install/setup.sh'
[1.236s] colcon.colcon_core.shell INFO Creating prefix script '/home/rokey/apple-care/code/robot_ws/install/local_setup.bash'
[1.236s] colcon.colcon_core.shell INFO Creating prefix chain script '/home/rokey/apple-care/code/robot_ws/install/setup.bash'
[1.238s] colcon.colcon_core.shell INFO Creating prefix script '/home/rokey/apple-care/code/robot_ws/install/local_setup.zsh'
[1.238s] colcon.colcon_core.shell INFO Creating prefix chain script '/home/rokey/apple-care/code/robot_ws/install/setup.zsh'
