/home/rokey/apple-care/code/robot_ws/install/apple_care_robot/lib/python3.10/site-packages/apple_care_robot/motion_planner_node.py
/home/rokey/apple-care/code/robot_ws/install/apple_care_robot/lib/python3.10/site-packages/apple_care_robot/__init__.py
/home/rokey/apple-care/code/robot_ws/install/apple_care_robot/lib/python3.10/site-packages/apple_care_robot/force_place.py
/home/rokey/apple-care/code/robot_ws/install/apple_care_robot/lib/python3.10/site-packages/apple_care_robot/openclose.py
/home/rokey/apple-care/code/robot_ws/install/apple_care_robot/lib/python3.10/site-packages/apple_care_robot/robot_controller_node.py
/home/rokey/apple-care/code/robot_ws/install/apple_care_robot/lib/python3.10/site-packages/apple_care_robot/box_sequence_test.py
/home/rokey/apple-care/code/robot_ws/install/apple_care_robot/lib/python3.10/site-packages/apple_care_robot/__pycache__/motion_planner_node.cpython-310.pyc
/home/rokey/apple-care/code/robot_ws/install/apple_care_robot/lib/python3.10/site-packages/apple_care_robot/__pycache__/__init__.cpython-310.pyc
/home/rokey/apple-care/code/robot_ws/install/apple_care_robot/lib/python3.10/site-packages/apple_care_robot/__pycache__/force_place.cpython-310.pyc
/home/rokey/apple-care/code/robot_ws/install/apple_care_robot/lib/python3.10/site-packages/apple_care_robot/__pycache__/openclose.cpython-310.pyc
/home/rokey/apple-care/code/robot_ws/install/apple_care_robot/lib/python3.10/site-packages/apple_care_robot/__pycache__/robot_controller_node.cpython-310.pyc
/home/rokey/apple-care/code/robot_ws/install/apple_care_robot/lib/python3.10/site-packages/apple_care_robot/__pycache__/box_sequence_test.cpython-310.pyc
/home/rokey/apple-care/code/robot_ws/install/apple_care_robot/share/ament_index/resource_index/packages/apple_care_robot
/home/rokey/apple-care/code/robot_ws/install/apple_care_robot/share/apple_care_robot/package.xml
/home/rokey/apple-care/code/robot_ws/install/apple_care_robot/share/apple_care_robot/launch/apple_care.launch.py
/home/rokey/apple-care/code/robot_ws/install/apple_care_robot/lib/python3.10/site-packages/apple_care_robot-0.0.1-py3.10.egg-info/dependency_links.txt
/home/rokey/apple-care/code/robot_ws/install/apple_care_robot/lib/python3.10/site-packages/apple_care_robot-0.0.1-py3.10.egg-info/requires.txt
/home/rokey/apple-care/code/robot_ws/install/apple_care_robot/lib/python3.10/site-packages/apple_care_robot-0.0.1-py3.10.egg-info/SOURCES.txt
/home/rokey/apple-care/code/robot_ws/install/apple_care_robot/lib/python3.10/site-packages/apple_care_robot-0.0.1-py3.10.egg-info/entry_points.txt
/home/rokey/apple-care/code/robot_ws/install/apple_care_robot/lib/python3.10/site-packages/apple_care_robot-0.0.1-py3.10.egg-info/top_level.txt
/home/rokey/apple-care/code/robot_ws/install/apple_care_robot/lib/python3.10/site-packages/apple_care_robot-0.0.1-py3.10.egg-info/zip-safe
/home/rokey/apple-care/code/robot_ws/install/apple_care_robot/lib/python3.10/site-packages/apple_care_robot-0.0.1-py3.10.egg-info/PKG-INFO
/home/rokey/apple-care/code/robot_ws/install/apple_care_robot/bin/box_sequence_test
/home/rokey/apple-care/code/robot_ws/install/apple_care_robot/bin/motion_planner_node
/home/rokey/apple-care/code/robot_ws/install/apple_care_robot/bin/robot_controller_node
