[0.503s] Invoking command in '/home/rokey/apple-care/code/robot_ws/src/apple_care_robot': PYTHONPATH=/home/rokey/apple-care/code/robot_ws/build/apple_care_robot/prefix_override:/usr/lib/python3/dist-packages/colcon_core/task/python/colcon_distutils_commands:/home/rokey/apple-care/code/robot_ws/install/apple_care_robot/lib/python3.10/site-packages:${PYTHONPATH} /usr/bin/python3 -W ignore:setup.py install is deprecated -W ignore:easy_install command is deprecated setup.py egg_info --egg-base ../../build/apple_care_robot build --build-base /home/rokey/apple-care/code/robot_ws/build/apple_care_robot/build install --record /home/rokey/apple-care/code/robot_ws/build/apple_care_robot/install.log --single-version-externally-managed install_data
[0.677s] running egg_info
[0.677s] creating ../../build/apple_care_robot/apple_care_robot.egg-info
[0.677s] writing ../../build/apple_care_robot/apple_care_robot.egg-info/PKG-INFO
[0.678s] writing dependency_links to ../../build/apple_care_robot/apple_care_robot.egg-info/dependency_links.txt
[0.678s] writing entry points to ../../build/apple_care_robot/apple_care_robot.egg-info/entry_points.txt
[0.678s] writing requirements to ../../build/apple_care_robot/apple_care_robot.egg-info/requires.txt
[0.678s] writing top-level names to ../../build/apple_care_robot/apple_care_robot.egg-info/top_level.txt
[0.678s] writing manifest file '../../build/apple_care_robot/apple_care_robot.egg-info/SOURCES.txt'
[0.679s] reading manifest file '../../build/apple_care_robot/apple_care_robot.egg-info/SOURCES.txt'
[0.679s] writing manifest file '../../build/apple_care_robot/apple_care_robot.egg-info/SOURCES.txt'
[0.680s] running build
[0.680s] running build_py
[0.680s] creating /home/rokey/apple-care/code/robot_ws/build/apple_care_robot/build
[0.680s] creating /home/rokey/apple-care/code/robot_ws/build/apple_care_robot/build/lib
[0.680s] creating /home/rokey/apple-care/code/robot_ws/build/apple_care_robot/build/lib/apple_care_robot
[0.680s] copying apple_care_robot/motion_planner_node.py -> /home/rokey/apple-care/code/robot_ws/build/apple_care_robot/build/lib/apple_care_robot
[0.680s] copying apple_care_robot/__init__.py -> /home/rokey/apple-care/code/robot_ws/build/apple_care_robot/build/lib/apple_care_robot
[0.680s] copying apple_care_robot/force_place.py -> /home/rokey/apple-care/code/robot_ws/build/apple_care_robot/build/lib/apple_care_robot
[0.680s] copying apple_care_robot/openclose.py -> /home/rokey/apple-care/code/robot_ws/build/apple_care_robot/build/lib/apple_care_robot
[0.680s] copying apple_care_robot/robot_controller_node.py -> /home/rokey/apple-care/code/robot_ws/build/apple_care_robot/build/lib/apple_care_robot
[0.680s] copying apple_care_robot/box_sequence_test.py -> /home/rokey/apple-care/code/robot_ws/build/apple_care_robot/build/lib/apple_care_robot
[0.680s] running install
[0.681s] running install_lib
[0.681s] creating /home/rokey/apple-care/code/robot_ws/install/apple_care_robot/lib/python3.10/site-packages/apple_care_robot
[0.682s] copying /home/rokey/apple-care/code/robot_ws/build/apple_care_robot/build/lib/apple_care_robot/motion_planner_node.py -> /home/rokey/apple-care/code/robot_ws/install/apple_care_robot/lib/python3.10/site-packages/apple_care_robot
[0.682s] copying /home/rokey/apple-care/code/robot_ws/build/apple_care_robot/build/lib/apple_care_robot/__init__.py -> /home/rokey/apple-care/code/robot_ws/install/apple_care_robot/lib/python3.10/site-packages/apple_care_robot
[0.682s] copying /home/rokey/apple-care/code/robot_ws/build/apple_care_robot/build/lib/apple_care_robot/force_place.py -> /home/rokey/apple-care/code/robot_ws/install/apple_care_robot/lib/python3.10/site-packages/apple_care_robot
[0.682s] copying /home/rokey/apple-care/code/robot_ws/build/apple_care_robot/build/lib/apple_care_robot/openclose.py -> /home/rokey/apple-care/code/robot_ws/install/apple_care_robot/lib/python3.10/site-packages/apple_care_robot
[0.682s] copying /home/rokey/apple-care/code/robot_ws/build/apple_care_robot/build/lib/apple_care_robot/robot_controller_node.py -> /home/rokey/apple-care/code/robot_ws/install/apple_care_robot/lib/python3.10/site-packages/apple_care_robot
[0.682s] copying /home/rokey/apple-care/code/robot_ws/build/apple_care_robot/build/lib/apple_care_robot/box_sequence_test.py -> /home/rokey/apple-care/code/robot_ws/install/apple_care_robot/lib/python3.10/site-packages/apple_care_robot
[0.682s] byte-compiling /home/rokey/apple-care/code/robot_ws/install/apple_care_robot/lib/python3.10/site-packages/apple_care_robot/motion_planner_node.py to motion_planner_node.cpython-310.pyc
[0.683s] byte-compiling /home/rokey/apple-care/code/robot_ws/install/apple_care_robot/lib/python3.10/site-packages/apple_care_robot/__init__.py to __init__.cpython-310.pyc
[0.683s] byte-compiling /home/rokey/apple-care/code/robot_ws/install/apple_care_robot/lib/python3.10/site-packages/apple_care_robot/force_place.py to force_place.cpython-310.pyc
[0.683s] byte-compiling /home/rokey/apple-care/code/robot_ws/install/apple_care_robot/lib/python3.10/site-packages/apple_care_robot/openclose.py to openclose.cpython-310.pyc
[0.684s] byte-compiling /home/rokey/apple-care/code/robot_ws/install/apple_care_robot/lib/python3.10/site-packages/apple_care_robot/robot_controller_node.py to robot_controller_node.cpython-310.pyc
[0.684s] byte-compiling /home/rokey/apple-care/code/robot_ws/install/apple_care_robot/lib/python3.10/site-packages/apple_care_robot/box_sequence_test.py to box_sequence_test.cpython-310.pyc
[0.685s] running install_data
[0.685s] creating /home/rokey/apple-care/code/robot_ws/install/apple_care_robot/share
[0.685s] creating /home/rokey/apple-care/code/robot_ws/install/apple_care_robot/share/ament_index
[0.685s] creating /home/rokey/apple-care/code/robot_ws/install/apple_care_robot/share/ament_index/resource_index
[0.685s] creating /home/rokey/apple-care/code/robot_ws/install/apple_care_robot/share/ament_index/resource_index/packages
[0.685s] copying resource/apple_care_robot -> /home/rokey/apple-care/code/robot_ws/install/apple_care_robot/share/ament_index/resource_index/packages
[0.685s] creating /home/rokey/apple-care/code/robot_ws/install/apple_care_robot/share/apple_care_robot
[0.685s] copying package.xml -> /home/rokey/apple-care/code/robot_ws/install/apple_care_robot/share/apple_care_robot
[0.685s] creating /home/rokey/apple-care/code/robot_ws/install/apple_care_robot/share/apple_care_robot/launch
[0.685s] copying launch/apple_care.launch.py -> /home/rokey/apple-care/code/robot_ws/install/apple_care_robot/share/apple_care_robot/launch
[0.685s] running install_egg_info
[0.686s] Copying ../../build/apple_care_robot/apple_care_robot.egg-info to /home/rokey/apple-care/code/robot_ws/install/apple_care_robot/lib/python3.10/site-packages/apple_care_robot-0.0.1-py3.10.egg-info
[0.687s] running install_scripts
[0.704s] Installing box_sequence_test script to /home/rokey/apple-care/code/robot_ws/install/apple_care_robot/bin
[0.704s] Installing motion_planner_node script to /home/rokey/apple-care/code/robot_ws/install/apple_care_robot/bin
[0.704s] Installing robot_controller_node script to /home/rokey/apple-care/code/robot_ws/install/apple_care_robot/bin
[0.704s] writing list of installed files to '/home/rokey/apple-care/code/robot_ws/build/apple_care_robot/install.log'
[0.721s] Invoked command in '/home/rokey/apple-care/code/robot_ws/src/apple_care_robot' returned '0': PYTHONPATH=/home/rokey/apple-care/code/robot_ws/build/apple_care_robot/prefix_override:/usr/lib/python3/dist-packages/colcon_core/task/python/colcon_distutils_commands:/home/rokey/apple-care/code/robot_ws/install/apple_care_robot/lib/python3.10/site-packages:${PYTHONPATH} /usr/bin/python3 -W ignore:setup.py install is deprecated -W ignore:easy_install command is deprecated setup.py egg_info --egg-base ../../build/apple_care_robot build --build-base /home/rokey/apple-care/code/robot_ws/build/apple_care_robot/build install --record /home/rokey/apple-care/code/robot_ws/build/apple_care_robot/install.log --single-version-externally-managed install_data
